<?xml version="1.0" encoding="UTF-8"?>
<TestRun id="d80e78c6-191e-4318-8f95-a8c2c0e3941d" name="Robot@ROBOT-PC 2011-04-25 09:28:11" runUser="Robot-PC\Robot" xmlns="http://microsoft.com/schemas/VisualStudio/TeamTest/2010">
  <TestSettings name="Local" id="af7ee98d-53a5-42d3-99c3-06f80d3ef6f1">
    <Description>These are default test settings for a local test run.</Description>
    <Deployment enabled="false" runDeploymentRoot="Robot_ROBOT-PC 2011-04-25 09_28_11">
      <DeploymentItem filename="c:\PrismV4\Bin\Desktop\Microsoft.Practices.Unity.dll" />
      <DeploymentItem filename="c:\temp\WpfLab\WpfLab\bin\Debug\WpfLab.exe" />
    </Deployment>
    <Execution>
      <TestTypeSpecific />
      <AgentRule name="Execution Agents">
      </AgentRule>
    </Execution>
  </TestSettings>
  <Times creation="2011-04-25T09:28:11.7892111+02:00" queuing="2011-04-25T09:28:11.9288596+02:00" start="2011-04-25T09:28:12.0890158+02:00" finish="2011-04-25T09:28:14.1231955+02:00" />
  <ResultSummary outcome="Completed">
    <Counters total="7" executed="7" passed="7" error="0" failed="0" timeout="0" aborted="0" inconclusive="0" passedButRunAborted="0" notRunnable="0" notExecuted="0" disconnected="0" warning="0" completed="0" inProgress="0" pending="0" />
  </ResultSummary>
  <TestDefinitions>
    <UnitTest name="ChildWindowViewModel_OkCommand" storage="c:\temp\wpflab\wpflab.tests\bin\debug\wpflab.tests.dll" id="e63a9068-5bce-808b-9999-b366d8532426">
      <Execution id="faa67d61-021d-4f01-bc5a-b4a8cd65a742" />
      <TestMethod codeBase="c:/temp/WpfLab/WpfLab.Tests/bin/Debug/WpfLab.Tests.DLL" adapterTypeName="Microsoft.VisualStudio.TestTools.TestTypes.Unit.UnitTestAdapter, Microsoft.VisualStudio.QualityTools.Tips.UnitTest.Adapter, Version=10.0.0.0, Culture=neutral, PublicKeyToken=b03f5f7f11d50a3a" className="WpfLab.Tests.Desktop.ViewModel.ChildWindowViewModelFixture, WpfLab.Tests, Version=1.0.0.0, Culture=neutral, PublicKeyToken=null" name="ChildWindowViewModel_OkCommand" />
    </UnitTest>
    <UnitTest name="MainWindowViewModel_CancelCommand" storage="c:\temp\wpflab\wpflab.tests\bin\debug\wpflab.tests.dll" id="e4c877ba-fbd2-3995-f766-df60f2c5c163">
      <Execution id="c5968a77-315b-458b-8daa-3d8d8830ad1f" />
      <TestMethod codeBase="c:/temp/WpfLab/WpfLab.Tests/bin/Debug/WpfLab.Tests.DLL" adapterTypeName="Microsoft.VisualStudio.TestTools.TestTypes.Unit.UnitTestAdapter, Microsoft.VisualStudio.QualityTools.Tips.UnitTest.Adapter, Version=10.0.0.0, Culture=neutral, PublicKeyToken=b03f5f7f11d50a3a" className="WpfLab.Tests.Desktop.ViewModel.MainWindowViewModelFixture, WpfLab.Tests, Version=1.0.0.0, Culture=neutral, PublicKeyToken=null" name="MainWindowViewModel_CancelCommand" />
    </UnitTest>
    <UnitTest name="ChildWindowNestedViewModel_OkCommand" storage="c:\temp\wpflab\wpflab.tests\bin\debug\wpflab.tests.dll" id="352c5a12-84cc-dd14-d545-4bf6676e76c9">
      <Execution id="80b85e9d-2754-459f-9f5a-8d8a4a870d0d" />
      <TestMethod codeBase="c:/temp/WpfLab/WpfLab.Tests/bin/Debug/WpfLab.Tests.DLL" adapterTypeName="Microsoft.VisualStudio.TestTools.TestTypes.Unit.UnitTestAdapter, Microsoft.VisualStudio.QualityTools.Tips.UnitTest.Adapter, Version=10.0.0.0, Culture=neutral, PublicKeyToken=b03f5f7f11d50a3a" className="WpfLab.Tests.Desktop.ViewModel.ChildWindowNestedViewModelFixture, WpfLab.Tests, Version=1.0.0.0, Culture=neutral, PublicKeyToken=null" name="ChildWindowNestedViewModel_OkCommand" />
    </UnitTest>
    <UnitTest name="ChildWindowViewModel_OpenCommand" storage="c:\temp\wpflab\wpflab.tests\bin\debug\wpflab.tests.dll" id="558c12f2-b927-a569-88c0-60378505220d">
      <Execution id="8562a5cf-e674-42b4-afe1-178298d7a6bb" />
      <TestMethod codeBase="c:/temp/WpfLab/WpfLab.Tests/bin/Debug/WpfLab.Tests.DLL" adapterTypeName="Microsoft.VisualStudio.TestTools.TestTypes.Unit.UnitTestAdapter, Microsoft.VisualStudio.QualityTools.Tips.UnitTest.Adapter, Version=10.0.0.0, Culture=neutral, PublicKeyToken=b03f5f7f11d50a3a" className="WpfLab.Tests.Desktop.ViewModel.ChildWindowViewModelFixture, WpfLab.Tests, Version=1.0.0.0, Culture=neutral, PublicKeyToken=null" name="ChildWindowViewModel_OpenCommand" />
    </UnitTest>
    <UnitTest name="MainWindowViewModel_OkCommand" storage="c:\temp\wpflab\wpflab.tests\bin\debug\wpflab.tests.dll" id="2deb014c-9e68-6f20-da17-d42758ce5783">
      <Execution id="4b050ac7-892b-4870-98c4-e2f3fe64d8af" />
      <TestMethod codeBase="c:/temp/WpfLab/WpfLab.Tests/bin/Debug/WpfLab.Tests.DLL" adapterTypeName="Microsoft.VisualStudio.TestTools.TestTypes.Unit.UnitTestAdapter, Microsoft.VisualStudio.QualityTools.Tips.UnitTest.Adapter, Version=10.0.0.0, Culture=neutral, PublicKeyToken=b03f5f7f11d50a3a" className="WpfLab.Tests.Desktop.ViewModel.MainWindowViewModelFixture, WpfLab.Tests, Version=1.0.0.0, Culture=neutral, PublicKeyToken=null" name="MainWindowViewModel_OkCommand" />
    </UnitTest>
    <UnitTest name="ChildWindowViewModel_CancelCommand" storage="c:\temp\wpflab\wpflab.tests\bin\debug\wpflab.tests.dll" id="a9852b86-f02a-72db-823f-65d099151149">
      <Execution id="3d2c7f84-9d5b-4e60-a1c6-761f081a1923" />
      <TestMethod codeBase="c:/temp/WpfLab/WpfLab.Tests/bin/Debug/WpfLab.Tests.DLL" adapterTypeName="Microsoft.VisualStudio.TestTools.TestTypes.Unit.UnitTestAdapter, Microsoft.VisualStudio.QualityTools.Tips.UnitTest.Adapter, Version=10.0.0.0, Culture=neutral, PublicKeyToken=b03f5f7f11d50a3a" className="WpfLab.Tests.Desktop.ViewModel.ChildWindowViewModelFixture, WpfLab.Tests, Version=1.0.0.0, Culture=neutral, PublicKeyToken=null" name="ChildWindowViewModel_CancelCommand" />
    </UnitTest>
    <UnitTest name="ChildWindowNestedViewModel_CancelCommand" storage="c:\temp\wpflab\wpflab.tests\bin\debug\wpflab.tests.dll" id="c79da894-54b7-6f4c-d79b-43913e1b4e46">
      <Execution id="57daea02-c606-4d1c-ac1d-59ce04f8b3a1" />
      <TestMethod codeBase="c:/temp/WpfLab/WpfLab.Tests/bin/Debug/WpfLab.Tests.DLL" adapterTypeName="Microsoft.VisualStudio.TestTools.TestTypes.Unit.UnitTestAdapter, Microsoft.VisualStudio.QualityTools.Tips.UnitTest.Adapter, Version=10.0.0.0, Culture=neutral, PublicKeyToken=b03f5f7f11d50a3a" className="WpfLab.Tests.Desktop.ViewModel.ChildWindowNestedViewModelFixture, WpfLab.Tests, Version=1.0.0.0, Culture=neutral, PublicKeyToken=null" name="ChildWindowNestedViewModel_CancelCommand" />
    </UnitTest>
  </TestDefinitions>
  <TestLists>
    <TestList name="Results Not in a List" id="8c84fa94-04c1-424b-9868-57a2d4851a1d" />
    <TestList name="All Loaded Results" id="19431567-8539-422a-85d7-44ee4e166bda" />
  </TestLists>
  <TestEntries>
    <TestEntry testId="2deb014c-9e68-6f20-da17-d42758ce5783" executionId="4b050ac7-892b-4870-98c4-e2f3fe64d8af" testListId="8c84fa94-04c1-424b-9868-57a2d4851a1d" />
    <TestEntry testId="352c5a12-84cc-dd14-d545-4bf6676e76c9" executionId="80b85e9d-2754-459f-9f5a-8d8a4a870d0d" testListId="8c84fa94-04c1-424b-9868-57a2d4851a1d" />
    <TestEntry testId="558c12f2-b927-a569-88c0-60378505220d" executionId="8562a5cf-e674-42b4-afe1-178298d7a6bb" testListId="8c84fa94-04c1-424b-9868-57a2d4851a1d" />
    <TestEntry testId="a9852b86-f02a-72db-823f-65d099151149" executionId="3d2c7f84-9d5b-4e60-a1c6-761f081a1923" testListId="8c84fa94-04c1-424b-9868-57a2d4851a1d" />
    <TestEntry testId="c79da894-54b7-6f4c-d79b-43913e1b4e46" executionId="57daea02-c606-4d1c-ac1d-59ce04f8b3a1" testListId="8c84fa94-04c1-424b-9868-57a2d4851a1d" />
    <TestEntry testId="e4c877ba-fbd2-3995-f766-df60f2c5c163" executionId="c5968a77-315b-458b-8daa-3d8d8830ad1f" testListId="8c84fa94-04c1-424b-9868-57a2d4851a1d" />
    <TestEntry testId="e63a9068-5bce-808b-9999-b366d8532426" executionId="faa67d61-021d-4f01-bc5a-b4a8cd65a742" testListId="8c84fa94-04c1-424b-9868-57a2d4851a1d" />
  </TestEntries>
  <Results>
    <UnitTestResult executionId="4b050ac7-892b-4870-98c4-e2f3fe64d8af" testId="2deb014c-9e68-6f20-da17-d42758ce5783" testName="MainWindowViewModel_OkCommand" computerName="ROBOT-PC" duration="00:00:00.2657712" startTime="2011-04-25T09:28:12.5929221+02:00" endTime="2011-04-25T09:28:13.4073752+02:00" testType="13cdc9d9-ddb5-4fa4-a97d-d965ccfc6d4b" outcome="Passed" testListId="8c84fa94-04c1-424b-9868-57a2d4851a1d" relativeResultsDirectory="4b050ac7-892b-4870-98c4-e2f3fe64d8af">
    </UnitTestResult>
    <UnitTestResult executionId="80b85e9d-2754-459f-9f5a-8d8a4a870d0d" testId="352c5a12-84cc-dd14-d545-4bf6676e76c9" testName="ChildWindowNestedViewModel_OkCommand" computerName="ROBOT-PC" duration="00:00:00.0031040" startTime="2011-04-25T09:28:13.4220236+02:00" endTime="2011-04-25T09:28:13.4376486+02:00" testType="13cdc9d9-ddb5-4fa4-a97d-d965ccfc6d4b" outcome="Passed" testListId="8c84fa94-04c1-424b-9868-57a2d4851a1d" relativeResultsDirectory="80b85e9d-2754-459f-9f5a-8d8a4a870d0d">
    </UnitTestResult>
    <UnitTestResult executionId="8562a5cf-e674-42b4-afe1-178298d7a6bb" testId="558c12f2-b927-a569-88c0-60378505220d" testName="ChildWindowViewModel_OpenCommand" computerName="ROBOT-PC" duration="00:00:00.0022723" startTime="2011-04-25T09:28:13.4513205+02:00" endTime="2011-04-25T09:28:13.4669455+02:00" testType="13cdc9d9-ddb5-4fa4-a97d-d965ccfc6d4b" outcome="Passed" testListId="8c84fa94-04c1-424b-9868-57a2d4851a1d" relativeResultsDirectory="8562a5cf-e674-42b4-afe1-178298d7a6bb">
    </UnitTestResult>
    <UnitTestResult executionId="3d2c7f84-9d5b-4e60-a1c6-761f081a1923" testId="a9852b86-f02a-72db-823f-65d099151149" testName="ChildWindowViewModel_CancelCommand" computerName="ROBOT-PC" duration="00:00:00.0027386" startTime="2011-04-25T09:28:13.4718283+02:00" endTime="2011-04-25T09:28:13.4894064+02:00" testType="13cdc9d9-ddb5-4fa4-a97d-d965ccfc6d4b" outcome="Passed" testListId="8c84fa94-04c1-424b-9868-57a2d4851a1d" relativeResultsDirectory="3d2c7f84-9d5b-4e60-a1c6-761f081a1923">
    </UnitTestResult>
    <UnitTestResult executionId="57daea02-c606-4d1c-ac1d-59ce04f8b3a1" testId="c79da894-54b7-6f4c-d79b-43913e1b4e46" testName="ChildWindowNestedViewModel_CancelCommand" computerName="ROBOT-PC" duration="00:00:00.0072813" startTime="2011-04-25T09:28:13.5284689+02:00" endTime="2011-04-25T09:28:13.5470236+02:00" testType="13cdc9d9-ddb5-4fa4-a97d-d965ccfc6d4b" outcome="Passed" testListId="8c84fa94-04c1-424b-9868-57a2d4851a1d" relativeResultsDirectory="57daea02-c606-4d1c-ac1d-59ce04f8b3a1">
    </UnitTestResult>
    <UnitTestResult executionId="c5968a77-315b-458b-8daa-3d8d8830ad1f" testId="e4c877ba-fbd2-3995-f766-df60f2c5c163" testName="MainWindowViewModel_CancelCommand" computerName="ROBOT-PC" duration="00:00:00.0038943" startTime="2011-04-25T09:28:13.5919455+02:00" endTime="2011-04-25T09:28:13.6114767+02:00" testType="13cdc9d9-ddb5-4fa4-a97d-d965ccfc6d4b" outcome="Passed" testListId="8c84fa94-04c1-424b-9868-57a2d4851a1d" relativeResultsDirectory="c5968a77-315b-458b-8daa-3d8d8830ad1f">
    </UnitTestResult>
    <UnitTestResult executionId="faa67d61-021d-4f01-bc5a-b4a8cd65a742" testId="e63a9068-5bce-808b-9999-b366d8532426" testName="ChildWindowViewModel_OkCommand" computerName="ROBOT-PC" duration="00:00:00.0650755" startTime="2011-04-25T09:28:13.6466330+02:00" endTime="2011-04-25T09:28:13.8253439+02:00" testType="13cdc9d9-ddb5-4fa4-a97d-d965ccfc6d4b" outcome="Passed" testListId="8c84fa94-04c1-424b-9868-57a2d4851a1d" relativeResultsDirectory="faa67d61-021d-4f01-bc5a-b4a8cd65a742">
    </UnitTestResult>
  </Results>
</TestRun>