<?xml version="1.0" encoding="UTF-8"?>
<TestRun id="9ba09745-196b-4f16-ac1b-e72e3e4001f0" name="Robot@ROBOT-PC 2011-04-24 15:17:30" runUser="Robot-PC\Robot" xmlns="http://microsoft.com/schemas/VisualStudio/TeamTest/2010">
  <TestSettings name="Local" id="af7ee98d-53a5-42d3-99c3-06f80d3ef6f1">
    <Description>These are default test settings for a local test run.</Description>
    <Deployment enabled="false" runDeploymentRoot="Robot_ROBOT-PC 2011-04-24 15_17_30">
      <DeploymentItem filename="c:\PrismV4\Bin\Desktop\Microsoft.Practices.Unity.dll" />
      <DeploymentItem filename="c:\temp\WpfLab\WpfLab\bin\Debug\WpfLab.exe" />
    </Deployment>
    <Execution>
      <TestTypeSpecific />
      <AgentRule name="Execution Agents">
      </AgentRule>
    </Execution>
  </TestSettings>
  <Times creation="2011-04-24T15:17:30.6708984+02:00" queuing="2011-04-24T15:17:30.7128906+02:00" start="2011-04-24T15:17:30.8398437+02:00" finish="2011-04-24T15:17:32.2500000+02:00" />
  <ResultSummary outcome="Completed">
    <Counters total="1" executed="1" passed="1" error="0" failed="0" timeout="0" aborted="0" inconclusive="0" passedButRunAborted="0" notRunnable="0" notExecuted="0" disconnected="0" warning="0" completed="0" inProgress="0" pending="0" />
  </ResultSummary>
  <TestDefinitions>
    <UnitTest name="MainWindowViewModel_CancelCommand" storage="c:\temp\wpflab\wpflab.tests\bin\debug\wpflab.tests.dll" id="80f744da-e0db-69cf-f235-be1a57f3bd32">
      <Execution id="2871385b-7f2d-4c4a-8b6b-299de06c58ed" />
      <TestMethod codeBase="c:/temp/WpfLab/WpfLab.Tests/bin/Debug/WpfLab.Tests.DLL" adapterTypeName="Microsoft.VisualStudio.TestTools.TestTypes.Unit.UnitTestAdapter, Microsoft.VisualStudio.QualityTools.Tips.UnitTest.Adapter, Version=10.0.0.0, Culture=neutral, PublicKeyToken=b03f5f7f11d50a3a" className="WpfLab.Tests.Desktop.ViewModel.ChildWindowViewModelFixture, WpfLab.Tests, Version=1.0.0.0, Culture=neutral, PublicKeyToken=null" name="MainWindowViewModel_CancelCommand" />
    </UnitTest>
  </TestDefinitions>
  <TestLists>
    <TestList name="Results Not in a List" id="8c84fa94-04c1-424b-9868-57a2d4851a1d" />
    <TestList name="All Loaded Results" id="19431567-8539-422a-85d7-44ee4e166bda" />
  </TestLists>
  <TestEntries>
    <TestEntry testId="80f744da-e0db-69cf-f235-be1a57f3bd32" executionId="2871385b-7f2d-4c4a-8b6b-299de06c58ed" testListId="8c84fa94-04c1-424b-9868-57a2d4851a1d" />
  </TestEntries>
  <Results>
    <UnitTestResult executionId="2871385b-7f2d-4c4a-8b6b-299de06c58ed" testId="80f744da-e0db-69cf-f235-be1a57f3bd32" testName="MainWindowViewModel_CancelCommand" computerName="ROBOT-PC" duration="00:00:00.1744945" startTime="2011-04-24T15:17:31.3769531+02:00" endTime="2011-04-24T15:17:32.0097656+02:00" testType="13cdc9d9-ddb5-4fa4-a97d-d965ccfc6d4b" outcome="Passed" testListId="8c84fa94-04c1-424b-9868-57a2d4851a1d" relativeResultsDirectory="2871385b-7f2d-4c4a-8b6b-299de06c58ed">
    </UnitTestResult>
  </Results>
</TestRun>